\BOOKMARK [1][-]{section.1}{}{}% 1
\BOOKMARK [2][-]{subsection.2}{\376\377\000I\000n\000t\000r\000o\000d\000u\000c\000c\000i\000\363\000n}{section.1}% 2
\BOOKMARK [3][-]{subsubsection.3}{\376\377\000A\000N\000T\000E\000C\000E\000D\000E\000N\000T\000E\000S\000\040\000D\000E\000\040\000L\000A\000\040\000E\000M\000P\000R\000E\000S\000A}{subsection.2}% 3
\BOOKMARK [4][-]{paragraph.4}{\376\377\000M\000i\000s\000i\000\363\000n}{subsubsection.3}% 4
\BOOKMARK [4][-]{paragraph.5}{\376\377\000V\000i\000s\000i\000\363\000n}{subsubsection.3}% 5
\BOOKMARK [3][-]{subsubsection.6}{\376\377\000D\000e\000f\000i\000n\000i\000c\000i\000\363\000n\000\040\000d\000e\000l\000\040\000P\000r\000o\000b\000l\000e\000m\000a}{subsection.2}% 6
\BOOKMARK [3][-]{subsubsection.7}{\376\377\000J\000u\000s\000t\000i\000f\000i\000c\000a\000c\000i\000\363\000n}{subsection.2}% 7
\BOOKMARK [3][-]{subsubsection.8}{\376\377\000O\000b\000j\000e\000t\000i\000v\000o\000\040\000y\000\040\000m\000e\000t\000a\000s}{subsection.2}% 8
\BOOKMARK [4][-]{paragraph.9}{\376\377\000O\000b\000j\000e\000t\000i\000v\000o\000\040\000g\000e\000n\000e\000r\000a\000l}{subsubsection.8}% 9
\BOOKMARK [4][-]{paragraph.10}{\376\377\000O\000b\000j\000e\000t\000i\000v\000o\000s\000\040\000e\000s\000p\000e\000c\000\355\000f\000i\000c\000o\000s}{subsubsection.8}% 10
\BOOKMARK [1][-]{section.11}{}{}% 11
\BOOKMARK [2][-]{subsection.12}{\376\377\000M\000a\000r\000c\000o\000\040\000d\000e\000\040\000R\000e\000f\000e\000r\000e\000n\000c\000i\000a}{section.11}% 12
\BOOKMARK [3][-]{subsubsection.13}{\376\377\000B\000a\000s\000e\000\040\000L\000e\000g\000a\000l\000:\000\040\000L\000e\000y\000\040\000G\000e\000n\000e\000r\000a\000l\000\040\000d\000e\000\040\000P\000r\000o\000t\000e\000c\000c\000i\000\363\000n\000\040\000d\000e\000\040\000D\000a\000t\000o\000s\000\040\000\050\000L\000G\000P\000D\000P\000S\000O\000\051}{subsection.12}% 13
\BOOKMARK [3][-]{subsubsection.14}{\376\377\000E\000s\000t\000\341\000n\000d\000a\000r\000e\000s\000\040\000d\000e\000\040\000C\000e\000r\000t\000i\000f\000i\000c\000a\000c\000i\000\363\000n\000\040\000d\000e\000l\000\040\000L\000a\000b\000o\000r\000a\000t\000o\000r\000i\000o}{subsection.12}% 14
\BOOKMARK [3][-]{subsubsection.16}{\376\377\000I\000n\000t\000e\000g\000r\000a\000c\000i\000\363\000n\000\040\000T\000\351\000c\000n\000i\000c\000a\000\040\000c\000o\000n\000\040\000N\000I\000S\000T\000\040\000C\000S\000F\000\040\0002\000.\0000}{subsection.12}% 15
\BOOKMARK [3][-]{subsubsection.18}{\376\377\000S\000i\000n\000e\000r\000g\000i\000a\000\040\000N\000o\000r\000m\000a\000t\000i\000v\000a}{subsection.12}% 16
\BOOKMARK [3][-]{subsubsection.19}{\376\377\000D\000e\000f\000i\000n\000i\000c\000i\000o\000n\000e\000s\000\040\000T\000\351\000c\000n\000i\000c\000a\000s\000\040\000C\000l\000a\000v\000e}{subsection.12}% 17
\BOOKMARK [1][-]{section.20}{}{}% 18
\BOOKMARK [2][-]{subsection.21}{\376\377\000D\000e\000s\000a\000r\000r\000o\000l\000l\000o}{section.20}% 19
\BOOKMARK [3][-]{subsubsection.22}{\376\377\000T\000a\000r\000e\000a\000s\000\040\000p\000o\000r\000\040\000s\000e\000m\000a\000n\000a\000:}{subsection.21}% 20
\BOOKMARK [4][-]{paragraph.23}{\376\377\000T\000e\000r\000c\000e\000r\000a\000\040\000S\000e\000m\000a\000n\000a\000\040\000d\000e\000\040\000F\000e\000b\000r\000e\000r\000o\000\040\0002\0000\0002\0005}{subsubsection.22}% 21
\BOOKMARK [4][-]{paragraph.24}{\376\377\000C\000u\000a\000r\000t\000a\000\040\000S\000e\000m\000a\000n\000a\000\040\000d\000e\000\040\000F\000e\000b\000r\000e\000r\000o\000\040\0002\0000\0002\0005}{subsubsection.22}% 22
\BOOKMARK [4][-]{paragraph.25}{\376\377\000P\000r\000i\000m\000e\000r\000a\000\040\000S\000e\000m\000a\000n\000a\000\040\000d\000e\000\040\000M\000a\000r\000z\000o\000\040\0002\0000\0002\0005}{subsubsection.22}% 23
\BOOKMARK [4][-]{paragraph.26}{\376\377\000C\000u\000a\000r\000t\000a\000\040\000S\000e\000m\000a\000n\000a\000\040\000d\000e\000\040\000M\000a\000r\000z\000o\000\040\0002\0000\0002\0005}{subsubsection.22}% 24
\BOOKMARK [4][-]{paragraph.27}{\376\377\000P\000r\000i\000m\000e\000r\000a\000\040\000S\000e\000m\000a\000n\000a\000\040\000d\000e\000\040\000A\000b\000r\000i\000l\000\040\0002\0000\0002\0005}{subsubsection.22}% 25
\BOOKMARK [3][-]{subsubsection.28}{\376\377\000A\000n\000\341\000l\000i\000s\000i\000s\000\040\000d\000e\000\040\000R\000e\000d}{subsection.21}% 26
\BOOKMARK [4][-]{paragraph.29}{\376\377\000M\000e\000t\000o\000d\000o\000l\000o\000g\000\355\000a\000s\000\040\000y\000\040\000H\000e\000r\000r\000a\000m\000i\000e\000n\000t\000a\000s}{subsubsection.28}% 27
\BOOKMARK [4][-]{paragraph.30}{\376\377\000H\000a\000l\000l\000a\000z\000g\000o\000s\000\040\000P\000r\000i\000n\000c\000i\000p\000a\000l\000e\000s}{subsubsection.28}% 28
\BOOKMARK [4][-]{paragraph.31}{\376\377\000C\000o\000n\000c\000l\000u\000s\000i\000o\000n\000e\000s\000\040\000d\000e\000l\000\040\000A\000n\000\341\000l\000i\000s\000i\000s}{subsubsection.28}% 29
\BOOKMARK [1][-]{section.32}{}{}% 30
\BOOKMARK [2][-]{subsection.33}{\376\377\000R\000e\000s\000u\000l\000t\000a\000d\000o\000s\000\040\000y\000\040\000R\000e\000c\000o\000m\000e\000n\000d\000a\000c\000i\000o\000n\000e\000s}{section.32}% 31
\BOOKMARK [3][-]{subsubsection.34}{\376\377\000R\000e\000s\000u\000l\000t\000a\000d\000o\000s}{subsection.33}% 32
\BOOKMARK [3][-]{subsubsection.35}{\376\377\000R\000e\000c\000o\000m\000e\000n\000d\000a\000c\000i\000o\000n\000e\000s}{subsection.33}% 33
\BOOKMARK [2][-]{subsection.36}{\376\377\000A\000n\000e\000x\000o\000s}{section.32}% 34
