This is pdfTeX, Version 3.141592653-2.6-1.40.25 (TeX Live 2023) (preloaded format=pdflatex 2025.3.10)  6 APR 2025 15:40
entering extended mode
 restricted \write18 enabled.
 %&-line parsing enabled.
**main.tex
(./main.tex
LaTeX2e <2022-11-01> patch level 1
L3 programming layer <2023-02-22>
(/usr/share/texlive/texmf-dist/tex/latex/base/article.cls
Document Class: article 2022/07/02 v1.4n Standard LaTeX document class
(/usr/share/texlive/texmf-dist/tex/latex/base/size12.clo
File: size12.clo 2022/07/02 v1.4n Standard LaTeX file (size option)
)
\c@part=\count185
\c@section=\count186
\c@subsection=\count187
\c@subsubsection=\count188
\c@paragraph=\count189
\c@subparagraph=\count190
\c@figure=\count191
\c@table=\count192
\abovecaptionskip=\skip48
\belowcaptionskip=\skip49
\bibindent=\dimen140
)
(/usr/share/texlive/texmf-dist/tex/latex/base/inputenc.sty
Package: inputenc 2021/02/14 v1.3d Input encoding file
\inpenc@prehook=\toks16
\inpenc@posthook=\toks17
)
(/usr/share/texlive/texmf-dist/tex/latex/base/fontenc.sty
Package: fontenc 2021/04/29 v2.0v Standard LaTeX package
)
(/usr/share/texlive/texmf-dist/tex/generic/babel/babel.sty
Package: babel 2023/02/13 3.86 The Babel package
\babel@savecnt=\count193
\U@D=\dimen141
\l@unhyphenated=\language85

(/usr/share/texlive/texmf-dist/tex/generic/babel/txtbabel.def)
\bbl@readstream=\read2
\bbl@dirlevel=\count194

(/usr/share/texlive/texmf-dist/tex/generic/babel-spanish/spanish.ldf
Language: spanish.ldf 2021/05/27 v5.0q Spanish support from the babel system
\es@quottoks=\toks18
\es@quotdepth=\count195
Package babel Info: Making " an active character on input line 570.
Package babel Info: Making . an active character on input line 675.
Package babel Info: Making < an active character on input line 722.
Package babel Info: Making > an active character on input line 722.
))
(/usr/share/texlive/texmf-dist/tex/generic/babel/locale/es/babel-spanish.tex
Package babel Info: Importing font and identification data for spanish
(babel)             from babel-es.ini. Reported on input line 11.
)
(/usr/share/texlive/texmf-dist/tex/latex/graphics/graphicx.sty
Package: graphicx 2021/09/16 v1.2d Enhanced LaTeX Graphics (DPC,SPQR)

(/usr/share/texlive/texmf-dist/tex/latex/graphics/keyval.sty
Package: keyval 2022/05/29 v1.15 key=value parser (DPC)
\KV@toks@=\toks19
)
(/usr/share/texlive/texmf-dist/tex/latex/graphics/graphics.sty
Package: graphics 2022/03/10 v1.4e Standard LaTeX Graphics (DPC,SPQR)

(/usr/share/texlive/texmf-dist/tex/latex/graphics/trig.sty
Package: trig 2021/08/11 v1.11 sin cos tan (DPC)
)
(/usr/share/texlive/texmf-dist/tex/latex/graphics-cfg/graphics.cfg
File: graphics.cfg 2016/06/04 v1.11 sample graphics configuration
)
Package graphics Info: Driver file: pdftex.def on input line 107.

(/usr/share/texlive/texmf-dist/tex/latex/graphics-def/pdftex.def
File: pdftex.def 2022/09/22 v1.2b Graphics/color driver for pdftex
))
\Gin@req@height=\dimen142
\Gin@req@width=\dimen143
)
(/usr/share/texlive/texmf-dist/tex/latex/csquotes/csquotes.sty
Package: csquotes 2022-09-14 v5.2n context-sensitive quotations (JAW)

(/usr/share/texlive/texmf-dist/tex/latex/etoolbox/etoolbox.sty
Package: etoolbox 2020/10/05 v2.5k e-TeX tools for LaTeX (JAW)
\etb@tempcnta=\count196
)
\csq@reset=\count197
\csq@gtype=\count198
\csq@glevel=\count199
\csq@qlevel=\count266
\csq@maxlvl=\count267
\csq@tshold=\count268
\csq@ltx@everypar=\toks20

(/usr/share/texlive/texmf-dist/tex/latex/csquotes/csquotes.def
File: csquotes.def 2022-09-14 v5.2n csquotes generic definitions (JAW)
)
Package csquotes Info: Trying to load configuration file 'csquotes.cfg'...
Package csquotes Info: ... configuration file loaded successfully.

(/usr/share/texlive/texmf-dist/tex/latex/csquotes/csquotes.cfg
File: csquotes.cfg 
))
(/usr/share/texlive/texmf-dist/tex/latex/float/float.sty
Package: float 2001/11/08 v1.3d Float enhancements (AL)
\c@float@type=\count269
\float@exts=\toks21
\float@box=\box51
\@float@everytoks=\toks22
\@floatcapt=\box52
)
(/usr/share/texlive/texmf-dist/tex/latex/microtype/microtype.sty
Package: microtype 2023/03/13 v3.1a Micro-typographical refinements (RS)
\MT@toks=\toks23
\MT@tempbox=\box53
\MT@count=\count270
LaTeX Info: Redefining \noprotrusionifhmode on input line 1059.
LaTeX Info: Redefining \leftprotrusion on input line 1060.
\MT@prot@toks=\toks24
LaTeX Info: Redefining \rightprotrusion on input line 1078.
LaTeX Info: Redefining \textls on input line 1368.
\MT@outer@kern=\dimen144
LaTeX Info: Redefining \textmicrotypecontext on input line 1988.
\MT@listname@count=\count271

(/usr/share/texlive/texmf-dist/tex/latex/microtype/microtype-pdftex.def
File: microtype-pdftex.def 2023/03/13 v3.1a Definitions specific to pdftex (RS)

LaTeX Info: Redefining \lsstyle on input line 902.
LaTeX Info: Redefining \lslig on input line 902.
\MT@outer@space=\skip50
)
Package microtype Info: Loading configuration file microtype.cfg.

(/usr/share/texlive/texmf-dist/tex/latex/microtype/microtype.cfg
File: microtype.cfg 2023/03/13 v3.1a microtype main configuration file (RS)
))
(/usr/share/texlive/texmf-dist/tex/latex/lipsum/lipsum.sty
(/usr/share/texlive/texmf-dist/tex/latex/l3packages/l3keys2e/l3keys2e.sty
(/usr/share/texlive/texmf-dist/tex/latex/l3kernel/expl3.sty
Package: expl3 2023-02-22 L3 programming layer (loader) 

(/usr/share/texlive/texmf-dist/tex/latex/l3backend/l3backend-pdftex.def
File: l3backend-pdftex.def 2023-01-16 L3 backend support: PDF output (pdfTeX)
\l__color_backend_stack_int=\count272
\l__pdf_internal_box=\box54
))
Package: l3keys2e 2023-02-02 LaTeX2e option processing using LaTeX3 keys
)
Package: lipsum 2021-09-20 v2.7 150 paragraphs of Lorem Ipsum dummy text
\g__lipsum_par_int=\count273
\l__lipsum_a_int=\count274
\l__lipsum_b_int=\count275

(/usr/share/texlive/texmf-dist/tex/latex/lipsum/lipsum.ltd.tex))
(/usr/share/texlive/texmf-dist/tex/latex/amsmath/amsmath.sty
Package: amsmath 2022/04/08 v2.17n AMS math features
\@mathmargin=\skip51

For additional information on amsmath, use the `?' option.
(/usr/share/texlive/texmf-dist/tex/latex/amsmath/amstext.sty
Package: amstext 2021/08/26 v2.01 AMS text

(/usr/share/texlive/texmf-dist/tex/latex/amsmath/amsgen.sty
File: amsgen.sty 1999/11/30 v2.0 generic functions
\@emptytoks=\toks25
\ex@=\dimen145
))
(/usr/share/texlive/texmf-dist/tex/latex/amsmath/amsbsy.sty
Package: amsbsy 1999/11/29 v1.2d Bold Symbols
\pmbraise@=\dimen146
)
(/usr/share/texlive/texmf-dist/tex/latex/amsmath/amsopn.sty
Package: amsopn 2022/04/08 v2.04 operator names
)
\inf@bad=\count276
LaTeX Info: Redefining \frac on input line 234.
\uproot@=\count277
\leftroot@=\count278
LaTeX Info: Redefining \overline on input line 399.
LaTeX Info: Redefining \colon on input line 410.
\classnum@=\count279
\DOTSCASE@=\count280
LaTeX Info: Redefining \ldots on input line 496.
LaTeX Info: Redefining \dots on input line 499.
LaTeX Info: Redefining \cdots on input line 620.
\Mathstrutbox@=\box55
\strutbox@=\box56
LaTeX Info: Redefining \big on input line 722.
LaTeX Info: Redefining \Big on input line 723.
LaTeX Info: Redefining \bigg on input line 724.
LaTeX Info: Redefining \Bigg on input line 725.
\big@size=\dimen147
LaTeX Font Info:    Redeclaring font encoding OML on input line 743.
LaTeX Font Info:    Redeclaring font encoding OMS on input line 744.
\macc@depth=\count281
LaTeX Info: Redefining \bmod on input line 905.
LaTeX Info: Redefining \pmod on input line 910.
LaTeX Info: Redefining \smash on input line 940.
LaTeX Info: Redefining \relbar on input line 970.
LaTeX Info: Redefining \Relbar on input line 971.
\c@MaxMatrixCols=\count282
\dotsspace@=\muskip16
\c@parentequation=\count283
\dspbrk@lvl=\count284
\tag@help=\toks26
\row@=\count285
\column@=\count286
\maxfields@=\count287
\andhelp@=\toks27
\eqnshift@=\dimen148
\alignsep@=\dimen149
\tagshift@=\dimen150
\tagwidth@=\dimen151
\totwidth@=\dimen152
\lineht@=\dimen153
\@envbody=\toks28
\multlinegap=\skip52
\multlinetaggap=\skip53
\mathdisplay@stack=\toks29
LaTeX Info: Redefining \[ on input line 2953.
LaTeX Info: Redefining \] on input line 2954.
)
(/usr/share/texlive/texmf-dist/tex/latex/titlesec/titlesec.sty
Package: titlesec 2021/07/05 v2.14 Sectioning titles
\ttl@box=\box57
\beforetitleunit=\skip54
\aftertitleunit=\skip55
\ttl@plus=\dimen154
\ttl@minus=\dimen155
\ttl@toksa=\toks30
\titlewidth=\dimen156
\titlewidthlast=\dimen157
\titlewidthfirst=\dimen158
)
(/usr/share/texlive/texmf-dist/tex/latex/titlesec/titletoc.sty
Package: titletoc 2021/07/05 v2.14 TOC entries
\ttl@leftsep=\dimen159
)
(/usr/share/texlive/texmf-dist/tex/latex/tools/tabularx.sty
Package: tabularx 2020/01/15 v2.11c `tabularx' package (DPC)

(/usr/share/texlive/texmf-dist/tex/latex/tools/array.sty
Package: array 2022/09/04 v2.5g Tabular extension package (FMi)
\col@sep=\dimen160
\ar@mcellbox=\box58
\extrarowheight=\dimen161
\NC@list=\toks31
\extratabsurround=\skip56
\backup@length=\skip57
\ar@cellbox=\box59
)
\TX@col@width=\dimen162
\TX@old@table=\dimen163
\TX@old@col=\dimen164
\TX@target=\dimen165
\TX@delta=\dimen166
\TX@cols=\count288
\TX@ftn=\toks32
)
(/usr/share/texlive/texmf-dist/tex/latex/pdfpages/pdfpages.sty
Package: pdfpages 2022/12/19 v0.5x Insert pages of external PDF documents (AM)

(/usr/share/texlive/texmf-dist/tex/latex/base/ifthen.sty
Package: ifthen 2022/04/13 v1.1d Standard LaTeX ifthen package (DPC)
)
(/usr/share/texlive/texmf-dist/tex/latex/tools/calc.sty
Package: calc 2017/05/25 v4.3 Infix arithmetic (KKT,FJ)
\calc@Acount=\count289
\calc@Bcount=\count290
\calc@Adimen=\dimen167
\calc@Bdimen=\dimen168
\calc@Askip=\skip58
\calc@Bskip=\skip59
LaTeX Info: Redefining \setlength on input line 80.
LaTeX Info: Redefining \addtolength on input line 81.
\calc@Ccount=\count291
\calc@Cskip=\skip60
)
(/usr/share/texlive/texmf-dist/tex/latex/eso-pic/eso-pic.sty
Package: eso-pic 2020/10/14 v3.0a eso-pic (RN)
\ESO@tempdima=\dimen169
\ESO@tempdimb=\dimen170

(/usr/share/texlive/texmf-dist/tex/latex/xcolor/xcolor.sty
Package: xcolor 2022/06/12 v2.14 LaTeX color extensions (UK)

(/usr/share/texlive/texmf-dist/tex/latex/graphics-cfg/color.cfg
File: color.cfg 2016/01/02 v1.6 sample color configuration
)
Package xcolor Info: Driver file: pdftex.def on input line 227.

(/usr/share/texlive/texmf-dist/tex/latex/graphics/mathcolor.ltx)
Package xcolor Info: Model `cmy' substituted by `cmy0' on input line 1353.
Package xcolor Info: Model `hsb' substituted by `rgb' on input line 1357.
Package xcolor Info: Model `RGB' extended on input line 1369.
Package xcolor Info: Model `HTML' substituted by `rgb' on input line 1371.
Package xcolor Info: Model `Hsb' substituted by `hsb' on input line 1372.
Package xcolor Info: Model `tHsb' substituted by `hsb' on input line 1373.
Package xcolor Info: Model `HSB' substituted by `hsb' on input line 1374.
Package xcolor Info: Model `Gray' substituted by `gray' on input line 1375.
Package xcolor Info: Model `wave' substituted by `hsb' on input line 1376.
))
\AM@pagewidth=\dimen171
\AM@pageheight=\dimen172
\AM@fboxrule=\dimen173

(/usr/share/texlive/texmf-dist/tex/latex/pdfpages/pppdftex.def
File: pppdftex.def 2022/12/19 v0.5x Pdfpages driver for pdfTeX (AM)
)
\pdfpages@includegraphics@status=\count292
\AM@pagebox=\box60
\AM@global@opts=\toks33
\AM@pagecnt=\count293
\AM@toc@title=\toks34
\AM@lof@heading=\toks35
\c@AM@survey=\count294
\AM@templatesizebox=\box61
)
(/usr/share/texlive/texmf-dist/tex/latex/geometry/geometry.sty
Package: geometry 2020/01/02 v5.9 Page Geometry

(/usr/share/texlive/texmf-dist/tex/generic/iftex/ifvtex.sty
Package: ifvtex 2019/10/25 v1.7 ifvtex legacy package. Use iftex instead.

(/usr/share/texlive/texmf-dist/tex/generic/iftex/iftex.sty
Package: iftex 2022/02/03 v1.0f TeX engine tests
))
\Gm@cnth=\count295
\Gm@cntv=\count296
\c@Gm@tempcnt=\count297
\Gm@bindingoffset=\dimen174
\Gm@wd@mp=\dimen175
\Gm@odd@mp=\dimen176
\Gm@even@mp=\dimen177
\Gm@layoutwidth=\dimen178
\Gm@layoutheight=\dimen179
\Gm@layouthoffset=\dimen180
\Gm@layoutvoffset=\dimen181
\Gm@dimlist=\toks36
)
(/usr/share/texlive/texmf-dist/tex/latex/setspace/setspace.sty
Package: setspace 2022/12/04 v6.7b set line spacing
)
(/usr/share/texlive/texmf-dist/tex/latex/fancyhdr/fancyhdr.sty
Package: fancyhdr 2022/11/09 v4.1 Extensive control of page headers and footers

\f@nch@headwidth=\skip61
\f@nch@O@elh=\skip62
\f@nch@O@erh=\skip63
\f@nch@O@olh=\skip64
\f@nch@O@orh=\skip65
\f@nch@O@elf=\skip66
\f@nch@O@erf=\skip67
\f@nch@O@olf=\skip68
\f@nch@O@orf=\skip69
)
(/usr/share/texlive/texmf-dist/tex/latex/hyperref/hyperref.sty
Package: hyperref 2023-02-07 v7.00v Hypertext links for LaTeX

(/usr/share/texlive/texmf-dist/tex/generic/ltxcmds/ltxcmds.sty
Package: ltxcmds 2020-05-10 v1.25 LaTeX kernel commands for general use (HO)
)
(/usr/share/texlive/texmf-dist/tex/generic/pdftexcmds/pdftexcmds.sty
Package: pdftexcmds 2020-06-27 v0.33 Utility functions of pdfTeX for LuaTeX (HO
)

(/usr/share/texlive/texmf-dist/tex/generic/infwarerr/infwarerr.sty
Package: infwarerr 2019/12/03 v1.5 Providing info/warning/error messages (HO)
)
Package pdftexcmds Info: \pdf@primitive is available.
Package pdftexcmds Info: \pdf@ifprimitive is available.
Package pdftexcmds Info: \pdfdraftmode found.
)
(/usr/share/texlive/texmf-dist/tex/latex/kvsetkeys/kvsetkeys.sty
Package: kvsetkeys 2022-10-05 v1.19 Key value parser (HO)
)
(/usr/share/texlive/texmf-dist/tex/generic/kvdefinekeys/kvdefinekeys.sty
Package: kvdefinekeys 2019-12-19 v1.6 Define keys (HO)
)
(/usr/share/texlive/texmf-dist/tex/generic/pdfescape/pdfescape.sty
Package: pdfescape 2019/12/09 v1.15 Implements pdfTeX's escape features (HO)
)
(/usr/share/texlive/texmf-dist/tex/latex/hycolor/hycolor.sty
Package: hycolor 2020-01-27 v1.10 Color options for hyperref/bookmark (HO)
)
(/usr/share/texlive/texmf-dist/tex/latex/letltxmacro/letltxmacro.sty
Package: letltxmacro 2019/12/03 v1.6 Let assignment for LaTeX macros (HO)
)
(/usr/share/texlive/texmf-dist/tex/latex/auxhook/auxhook.sty
Package: auxhook 2019-12-17 v1.6 Hooks for auxiliary files (HO)
)
(/usr/share/texlive/texmf-dist/tex/latex/hyperref/nameref.sty
Package: nameref 2022-05-17 v2.50 Cross-referencing by name of section

(/usr/share/texlive/texmf-dist/tex/latex/refcount/refcount.sty
Package: refcount 2019/12/15 v3.6 Data extraction from label references (HO)
)
(/usr/share/texlive/texmf-dist/tex/generic/gettitlestring/gettitlestring.sty
Package: gettitlestring 2019/12/15 v1.6 Cleanup title references (HO)

(/usr/share/texlive/texmf-dist/tex/latex/kvoptions/kvoptions.sty
Package: kvoptions 2022-06-15 v3.15 Key value format for package options (HO)
))
\c@section@level=\count298
)
\@linkdim=\dimen182
\Hy@linkcounter=\count299
\Hy@pagecounter=\count300

(/usr/share/texlive/texmf-dist/tex/latex/hyperref/pd1enc.def
File: pd1enc.def 2023-02-07 v7.00v Hyperref: PDFDocEncoding definition (HO)
Now handling font encoding PD1 ...
... no UTF-8 mapping file for font encoding PD1
)
(/usr/share/texlive/texmf-dist/tex/generic/intcalc/intcalc.sty
Package: intcalc 2019/12/15 v1.3 Expandable calculations with integers (HO)
)
(/usr/share/texlive/texmf-dist/tex/generic/etexcmds/etexcmds.sty
Package: etexcmds 2019/12/15 v1.7 Avoid name clashes with e-TeX commands (HO)
)
\Hy@SavedSpaceFactor=\count301

(/usr/share/texlive/texmf-dist/tex/latex/hyperref/puenc.def
File: puenc.def 2023-02-07 v7.00v Hyperref: PDF Unicode definition (HO)
Now handling font encoding PU ...
... no UTF-8 mapping file for font encoding PU
)
Package hyperref Info: Hyper figures OFF on input line 4177.
Package hyperref Info: Link nesting OFF on input line 4182.
Package hyperref Info: Hyper index ON on input line 4185.
Package hyperref Info: Plain pages OFF on input line 4192.
Package hyperref Info: Backreferencing OFF on input line 4197.
Package hyperref Info: Implicit mode ON; LaTeX internals redefined.
Package hyperref Info: Bookmarks ON on input line 4425.
\c@Hy@tempcnt=\count302

(/usr/share/texlive/texmf-dist/tex/latex/url/url.sty
\Urlmuskip=\muskip17
Package: url 2013/09/16  ver 3.4  Verb mode for urls, etc.
)
LaTeX Info: Redefining \url on input line 4763.
\XeTeXLinkMargin=\dimen183

(/usr/share/texlive/texmf-dist/tex/generic/bitset/bitset.sty
Package: bitset 2019/12/09 v1.3 Handle bit-vector datatype (HO)

(/usr/share/texlive/texmf-dist/tex/generic/bigintcalc/bigintcalc.sty
Package: bigintcalc 2019/12/15 v1.5 Expandable calculations on big integers (HO
)
))
\Fld@menulength=\count303
\Field@Width=\dimen184
\Fld@charsize=\dimen185
Package hyperref Info: Hyper figures OFF on input line 6042.
Package hyperref Info: Link nesting OFF on input line 6047.
Package hyperref Info: Hyper index ON on input line 6050.
Package hyperref Info: backreferencing OFF on input line 6057.
Package hyperref Info: Link coloring OFF on input line 6062.
Package hyperref Info: Link coloring with OCG OFF on input line 6067.
Package hyperref Info: PDF/A mode OFF on input line 6072.

(/usr/share/texlive/texmf-dist/tex/latex/base/atbegshi-ltx.sty
Package: atbegshi-ltx 2021/01/10 v1.0c Emulation of the original atbegshi
package with kernel methods
)
\Hy@abspage=\count304
\c@Item=\count305
\c@Hfootnote=\count306
)
Package hyperref Info: Driver (autodetected): hpdftex.

(/usr/share/texlive/texmf-dist/tex/latex/hyperref/hpdftex.def
File: hpdftex.def 2023-02-07 v7.00v Hyperref driver for pdfTeX

(/usr/share/texlive/texmf-dist/tex/latex/base/atveryend-ltx.sty
Package: atveryend-ltx 2020/08/19 v1.0a Emulation of the original atveryend pac
kage
with kernel methods
)
\Fld@listcount=\count307
\c@bookmark@seq@number=\count308

(/usr/share/texlive/texmf-dist/tex/latex/rerunfilecheck/rerunfilecheck.sty
Package: rerunfilecheck 2022-07-10 v1.10 Rerun checks for auxiliary files (HO)

(/usr/share/texlive/texmf-dist/tex/generic/uniquecounter/uniquecounter.sty
Package: uniquecounter 2019/12/15 v1.4 Provide unlimited unique counter (HO)
)
Package uniquecounter Info: New unique counter `rerunfilecheck' on input line 2
85.
)
\Hy@SectionHShift=\skip70
)
(/usr/share/texlive/texmf-dist/tex/latex/apacite/apacite.sty
Package: apacite 2013/07/21 v6.03 APA citation
\c@BibCnt=\count309
\bibleftmargin=\skip71
\bibindent=\skip72
\bibparsep=\skip73
\bibitemsep=\skip74
\biblabelsep=\skip75
)
(/usr/share/texlive/texmf-dist/tex/latex/natbib/natbib.sty
Package: natbib 2010/09/13 8.31b (PWD, AO)
\bibhang=\skip76
\bibsep=\skip77
LaTeX Info: Redefining \cite on input line 694.
\c@NAT@ctr=\count310
)
LaTeX Info: Redefining \BBA on input line 81.

(/usr/share/texlive/texmf-dist/tex/latex/psnfss/mathptmx.sty
Package: mathptmx 2020/03/25 PSNFSS-v9.3 Times w/ Math, improved (SPQR, WaS) 
LaTeX Font Info:    Redeclaring symbol font `operators' on input line 28.
LaTeX Font Info:    Overwriting symbol font `operators' in version `normal'
(Font)                  OT1/cmr/m/n --> OT1/ztmcm/m/n on input line 28.
LaTeX Font Info:    Overwriting symbol font `operators' in version `bold'
(Font)                  OT1/cmr/bx/n --> OT1/ztmcm/m/n on input line 28.
LaTeX Font Info:    Redeclaring symbol font `letters' on input line 29.
LaTeX Font Info:    Overwriting symbol font `letters' in version `normal'
(Font)                  OML/cmm/m/it --> OML/ztmcm/m/it on input line 29.
LaTeX Font Info:    Overwriting symbol font `letters' in version `bold'
(Font)                  OML/cmm/b/it --> OML/ztmcm/m/it on input line 29.
LaTeX Font Info:    Redeclaring symbol font `symbols' on input line 30.
LaTeX Font Info:    Overwriting symbol font `symbols' in version `normal'
(Font)                  OMS/cmsy/m/n --> OMS/ztmcm/m/n on input line 30.
LaTeX Font Info:    Overwriting symbol font `symbols' in version `bold'
(Font)                  OMS/cmsy/b/n --> OMS/ztmcm/m/n on input line 30.
LaTeX Font Info:    Redeclaring symbol font `largesymbols' on input line 31.
LaTeX Font Info:    Overwriting symbol font `largesymbols' in version `normal'
(Font)                  OMX/cmex/m/n --> OMX/ztmcm/m/n on input line 31.
LaTeX Font Info:    Overwriting symbol font `largesymbols' in version `bold'
(Font)                  OMX/cmex/m/n --> OMX/ztmcm/m/n on input line 31.
\symbold=\mathgroup4
\symitalic=\mathgroup5
LaTeX Font Info:    Redeclaring math alphabet \mathbf on input line 34.
LaTeX Font Info:    Overwriting math alphabet `\mathbf' in version `normal'
(Font)                  OT1/cmr/bx/n --> OT1/ptm/bx/n on input line 34.
LaTeX Font Info:    Overwriting math alphabet `\mathbf' in version `bold'
(Font)                  OT1/cmr/bx/n --> OT1/ptm/bx/n on input line 34.
LaTeX Font Info:    Redeclaring math alphabet \mathit on input line 35.
LaTeX Font Info:    Overwriting math alphabet `\mathit' in version `normal'
(Font)                  OT1/cmr/m/it --> OT1/ptm/m/it on input line 35.
LaTeX Font Info:    Overwriting math alphabet `\mathit' in version `bold'
(Font)                  OT1/cmr/bx/it --> OT1/ptm/m/it on input line 35.
LaTeX Info: Redefining \hbar on input line 50.
)
(/usr/share/texlive/texmf-dist/tex/latex/parskip/parskip.sty
Package: parskip 2021-03-14 v2.0h non-zero parskip adjustments
)
Package csquotes Info: Checking for multilingual support...
Package csquotes Info: ... found 'babel' package.
Package csquotes Info: Adjusting default style.
Package csquotes Info: Redefining alias 'default' -> 'spanish'.
LaTeX Font Info:    Trying to load font information for T1+ptm on input line 95
.

(/usr/share/texlive/texmf-dist/tex/latex/psnfss/t1ptm.fd
File: t1ptm.fd 2001/06/04 font definitions for T1/ptm.
) (./main.aux
(./titlepage/titlepage.aux)
LaTeX Info: Redefining \. on input line 25.
LaTeX Info: Redefining \% on input line 25.
 (./Body/oficio_de_autoricacion.aux)
(./Body/agradecimientos.aux) (./Body/Resumen.aux) (./Body/Intro/Intro.aux)
(./Body/Intro/Antecedentes.aux) (./Body/Intro/Definicion_del_problema.aux)
(./Body/Intro/Justificacion.aux) (./Body/Intro/Objetivos_y_metas.aux)
(./Body/marco.aux) (./Body/Desarrollo.aux)
(./Body/resultados_y_recomendaciones.aux) (./Anexos.aux))
\openout1 = `main.aux'.

LaTeX Font Info:    Checking defaults for OML/cmm/m/it on input line 95.
LaTeX Font Info:    ... okay on input line 95.
LaTeX Font Info:    Checking defaults for OMS/cmsy/m/n on input line 95.
LaTeX Font Info:    ... okay on input line 95.
LaTeX Font Info:    Checking defaults for OT1/cmr/m/n on input line 95.
LaTeX Font Info:    ... okay on input line 95.
LaTeX Font Info:    Checking defaults for T1/cmr/m/n on input line 95.
LaTeX Font Info:    ... okay on input line 95.
LaTeX Font Info:    Checking defaults for TS1/cmr/m/n on input line 95.
LaTeX Font Info:    ... okay on input line 95.
LaTeX Font Info:    Checking defaults for OMX/cmex/m/n on input line 95.
LaTeX Font Info:    ... okay on input line 95.
LaTeX Font Info:    Checking defaults for U/cmr/m/n on input line 95.
LaTeX Font Info:    ... okay on input line 95.
LaTeX Font Info:    Checking defaults for PD1/pdf/m/n on input line 95.
LaTeX Font Info:    ... okay on input line 95.
LaTeX Font Info:    Checking defaults for PU/pdf/m/n on input line 95.
LaTeX Font Info:    ... okay on input line 95.
LaTeX Info: Redefining \. on input line 95.
LaTeX Info: Redefining \% on input line 95.

(/usr/share/texlive/texmf-dist/tex/context/base/mkii/supp-pdf.mkii
[Loading MPS to PDF converter (version 2006.09.02).]
\scratchcounter=\count311
\scratchdimen=\dimen186
\scratchbox=\box62
\nofMPsegments=\count312
\nofMParguments=\count313
\everyMPshowfont=\toks37
\MPscratchCnt=\count314
\MPscratchDim=\dimen187
\MPnumerator=\count315
\makeMPintoPDFobject=\count316
\everyMPtoPDFconversion=\toks38
) (/usr/share/texlive/texmf-dist/tex/latex/epstopdf-pkg/epstopdf-base.sty
Package: epstopdf-base 2020-01-24 v2.11 Base part for package epstopdf
Package epstopdf-base Info: Redefining graphics rule for `.eps' on input line 4
85.

(/usr/share/texlive/texmf-dist/tex/latex/latexconfig/epstopdf-sys.cfg
File: epstopdf-sys.cfg 2010/07/13 v1.3 Configuration of (r)epstopdf for TeX Liv
e
))
LaTeX Info: Redefining \microtypecontext on input line 95.
Package microtype Info: Applying patch `item' on input line 95.
Package microtype Info: Applying patch `toc' on input line 95.
Package microtype Info: Applying patch `eqnum' on input line 95.
Package microtype Info: Applying patch `footnote' on input line 95.
Package microtype Info: Applying patch `verbatim' on input line 95.
Package microtype Info: Generating PDF output.
Package microtype Info: Character protrusion enabled (level 2).
Package microtype Info: Using default protrusion set `alltext'.
Package microtype Info: Automatic font expansion enabled (level 2),
(microtype)             stretch: 20, shrink: 20, step: 1, non-selected.
Package microtype Info: Using default expansion set `alltext-nott'.
LaTeX Info: Redefining \showhyphens on input line 95.
Package microtype Info: No adjustment of tracking.
Package microtype Info: No adjustment of interword spacing.
Package microtype Info: No adjustment of character kerning.

(/usr/share/texlive/texmf-dist/tex/latex/microtype/mt-ptm.cfg
File: mt-ptm.cfg 2006/04/20 v1.7 microtype config. file: Times (RS)
)
(/usr/share/texlive/texmf-dist/tex/latex/pdflscape/pdflscape.sty
Package: pdflscape 2022-10-27 v0.13 Display of landscape pages in PDF

(/usr/share/texlive/texmf-dist/tex/latex/pdflscape/pdflscape-nometadata.sty
Package: pdflscape-nometadata 2022-10-28 v0.13 Display of landscape pages in PD
F (HO)

(/usr/share/texlive/texmf-dist/tex/latex/graphics/lscape.sty
Package: lscape 2020/05/28 v3.02 Landscape Pages (DPC)
)
Package pdflscape Info: Auto-detected driver: pdftex on input line 81.
))
*geometry* driver: auto-detecting
*geometry* detected driver: pdftex
*geometry* verbose mode - [ preamble ] result:
* driver: pdftex
* paper: a4paper
* layout: <same size as paper>
* layoutoffset:(h,v)=(0.0pt,0.0pt)
* modes: 
* h-part:(L,W,R)=(85.35826pt, 441.01773pt, 71.13188pt)
* v-part:(T,H,B)=(71.13188pt, 702.78308pt, 71.13188pt)
* \paperwidth=597.50787pt
* \paperheight=845.04684pt
* \textwidth=441.01773pt
* \textheight=702.78308pt
* \oddsidemargin=13.08827pt
* \evensidemargin=13.08827pt
* \topmargin=-38.1381pt
* \headheight=12.0pt
* \headsep=25.0pt
* \topskip=12.0pt
* \footskip=30.0pt
* \marginparwidth=35.0pt
* \marginparsep=10.0pt
* \columnsep=10.0pt
* \skip\footins=10.8pt plus 4.0pt minus 2.0pt
* \hoffset=0.0pt
* \voffset=0.0pt
* \mag=1000
* \@twocolumnfalse
* \@twosidefalse
* \@mparswitchfalse
* \@reversemarginfalse
* (1in=72.27pt=25.4mm, 1cm=28.453pt)

Package hyperref Info: Link coloring OFF on input line 95.
(./main.out) (./main.out)
\@outlinefile=\write3
\openout3 = `main.out'.

\c@maskedRefs=\count317

(/usr/share/texlive/texmf-dist/tex/latex/apacite/spanish.apc
File: spanish.apc 2013/07/21 v6.03 apacite language file
LaTeX Info: Redefining \BPBI on input line 138.
LaTeX Info: Redefining \BHBI on input line 139.
)
Couldn't patch \ttl@straight@ii
Couldn't patch \ttl@straight@ii
\openout2 = `titlepage/titlepage.aux'.

(./titlepage/titlepage.tex
<Images/ESCUDO_UTCJ2014_02.jpg, id=140, 1104.125pt x 1122.1925pt>
File: Images/ESCUDO_UTCJ2014_02.jpg Graphic file (type jpg)
<use Images/ESCUDO_UTCJ2014_02.jpg>
Package pdftex.def Info: Images/ESCUDO_UTCJ2014_02.jpg  used on input line 12.
(pdftex.def)             Requested size: 170.71642pt x 170.70174pt.
 [1


{/var/lib/texmf/fonts/map/pdftex/updmap/pdftex.map}{/usr/share/texlive/texmf-di
st/fonts/enc/dvips/base/8r.enc} <./Images/ESCUDO_UTCJ2014_02.jpg>]) (./main.toc
LaTeX Info: Redefining \. on input line 1.
LaTeX Info: Redefining \% on input line 1.
LaTeX Font Info:    Trying to load font information for OT1+ztmcm on input line
 3.

(/usr/share/texlive/texmf-dist/tex/latex/psnfss/ot1ztmcm.fd
File: ot1ztmcm.fd 2000/01/03 Fontinst v1.801 font definitions for OT1/ztmcm.
)
Package microtype Info: Loading generic protrusion settings for font family
(microtype)             `ztmcm' (encoding: OT1).
(microtype)             For optimal results, create family-specific settings.
(microtype)             See the microtype manual for details.
LaTeX Font Info:    Trying to load font information for OML+ztmcm on input line
 3.

(/usr/share/texlive/texmf-dist/tex/latex/psnfss/omlztmcm.fd
File: omlztmcm.fd 2000/01/03 Fontinst v1.801 font definitions for OML/ztmcm.
)
LaTeX Font Info:    Trying to load font information for OMS+ztmcm on input line
 3.

(/usr/share/texlive/texmf-dist/tex/latex/psnfss/omsztmcm.fd
File: omsztmcm.fd 2000/01/03 Fontinst v1.801 font definitions for OMS/ztmcm.
)
LaTeX Font Info:    Trying to load font information for OMX+ztmcm on input line
 3.

(/usr/share/texlive/texmf-dist/tex/latex/psnfss/omxztmcm.fd
File: omxztmcm.fd 2000/01/03 Fontinst v1.801 font definitions for OMX/ztmcm.
)
LaTeX Font Info:    Trying to load font information for OT1+ptm on input line 3
.

(/usr/share/texlive/texmf-dist/tex/latex/psnfss/ot1ptm.fd
File: ot1ptm.fd 2001/06/04 font definitions for OT1/ptm.
)
LaTeX Font Info:    Font shape `OT1/ptm/bx/n' in size <12> not available
(Font)              Font shape `OT1/ptm/b/n' tried instead on input line 3.
LaTeX Font Info:    Font shape `OT1/ptm/bx/n' in size <9> not available
(Font)              Font shape `OT1/ptm/b/n' tried instead on input line 3.
LaTeX Font Info:    Font shape `OT1/ptm/bx/n' in size <7> not available
(Font)              Font shape `OT1/ptm/b/n' tried instead on input line 3.
)
\tf@toc=\write4
\openout4 = `main.toc'.


pdfTeX warning (ext4): destination with the same identifier (name{page.1}) has 
been already used, duplicate ignored
<to be read again> 
                   \relax 
l.108 \newpage
               [1


]
\openout2 = `Body/oficio_de_autoricacion.aux'.

 (./Body/oficio_de_autoricacion.tex)
\openout2 = `Body/agradecimientos.aux'.


(./Body/agradecimientos.tex [2




])
\openout2 = `Body/Resumen.aux'.

 (./Body/Resumen.tex) [3



]
\openout2 = `Body/Intro/Intro.aux'.


(./Body/Intro/Intro.tex)
\openout2 = `Body/Intro/Antecedentes.aux'.

 (./Body/Intro/Antecedentes.tex [4






]) [5]
\openout2 = `Body/Intro/Definicion_del_problema.aux'.


(./Body/Intro/Definicion_del_problema.tex) [6



]
\openout2 = `Body/Intro/Justificacion.aux'.

 (./Body/Intro/Justificacion.tex) [7



]
\openout2 = `Body/Intro/Objetivos_y_metas.aux'.

 (./Body/Intro/Objetivos_y_metas.tex
Underfull \hbox (badness 10000) in paragraph at lines 6--7

 []

LaTeX Font Info:    Trying to load font information for TS1+ptm on input line 1
0.
(/usr/share/texlive/texmf-dist/tex/latex/psnfss/ts1ptm.fd
File: ts1ptm.fd 2001/06/04 font definitions for TS1/ptm.
) [8



]) [9]
\openout2 = `Body/marco.aux'.


(./Body/marco.tex [10



] [11]) [12]
\openout2 = `Body/Desarrollo.aux'.

 (./Body/Desarrollo.tex
Underfull \hbox (badness 10000) in paragraph at lines 14--15

 []

[13



]
Underfull \hbox (badness 10000) in paragraph at lines 37--38

 []


Underfull \hbox (badness 10000) in paragraph at lines 58--59

 []

[14]
Underfull \hbox (badness 10000) in paragraph at lines 95--96

 []

[15] [16]
Underfull \hbox (badness 10000) in paragraph at lines 153--154

 []

[17] [18]) [19] [20]
\openout2 = `Body/resultados_y_recomendaciones.aux'.

 (./Body/resultados_y_recomendaciones.tex [21



] [22]
[23] [24]) [25] [26]
\openout2 = `Anexos.aux'.

 (./Anexos.tex
<CIITA.pdf, id=330, 597.50829pt x 845.0471pt>
File: CIITA.pdf Graphic file (type pdf)
<use CIITA.pdf>
Package pdftex.def Info: CIITA.pdf  used on input line 14.
(pdftex.def)             Requested size: 597.50682pt x 845.04504pt.
File: CIITA.pdf Graphic file (type pdf)
<use CIITA.pdf>
Package pdftex.def Info: CIITA.pdf  used on input line 14.
(pdftex.def)             Requested size: 597.50682pt x 845.04504pt.
<CIITA.pdf, id=333, page=1, 597.50829pt x 845.0471pt>
File: CIITA.pdf Graphic file (type pdf)
<use CIITA.pdf, page 1>
Package pdftex.def Info: CIITA.pdf , page1 used on input line 14.
(pdftex.def)             Requested size: 597.50682pt x 845.04504pt.
File: CIITA.pdf Graphic file (type pdf)
<use CIITA.pdf, page 1>
Package pdftex.def Info: CIITA.pdf , page1 used on input line 14.
(pdftex.def)             Requested size: 597.53416pt x 845.08372pt.
 [27



]
File: CIITA.pdf Graphic file (type pdf)
<use CIITA.pdf, page 1>
Package pdftex.def Info: CIITA.pdf , page1 used on input line 14.
(pdftex.def)             Requested size: 597.53416pt x 845.08372pt.
File: CIITA.pdf Graphic file (type pdf)
<use CIITA.pdf, page 1>
Package pdftex.def Info: CIITA.pdf , page1 used on input line 14.
(pdftex.def)             Requested size: 597.53416pt x 845.08372pt.
File: CIITA.pdf Graphic file (type pdf)
<use CIITA.pdf, page 1>
Package pdftex.def Info: CIITA.pdf , page1 used on input line 14.
(pdftex.def)             Requested size: 597.53416pt x 845.08372pt.
 [28 <./CIITA.pdf>]
<CIITA.pdf, id=384, page=2, 597.50829pt x 845.0471pt>
File: CIITA.pdf Graphic file (type pdf)
<use CIITA.pdf, page 2>
Package pdftex.def Info: CIITA.pdf , page2 used on input line 14.
(pdftex.def)             Requested size: 597.53416pt x 845.08372pt.
File: CIITA.pdf Graphic file (type pdf)
<use CIITA.pdf, page 2>
Package pdftex.def Info: CIITA.pdf , page2 used on input line 14.
(pdftex.def)             Requested size: 597.53416pt x 845.08372pt.
File: CIITA.pdf Graphic file (type pdf)
<use CIITA.pdf, page 2>
Package pdftex.def Info: CIITA.pdf , page2 used on input line 14.
(pdftex.def)             Requested size: 597.53416pt x 845.08372pt.
 [29 <./CIITA.pdf>]
<CIITA.pdf, id=401, page=3, 597.50829pt x 845.0471pt>
File: CIITA.pdf Graphic file (type pdf)
<use CIITA.pdf, page 3>
Package pdftex.def Info: CIITA.pdf , page3 used on input line 14.
(pdftex.def)             Requested size: 597.53416pt x 845.08372pt.
File: CIITA.pdf Graphic file (type pdf)
<use CIITA.pdf, page 3>
Package pdftex.def Info: CIITA.pdf , page3 used on input line 14.
(pdftex.def)             Requested size: 597.53416pt x 845.08372pt.
File: CIITA.pdf Graphic file (type pdf)
<use CIITA.pdf, page 3>
Package pdftex.def Info: CIITA.pdf , page3 used on input line 14.
(pdftex.def)             Requested size: 597.53416pt x 845.08372pt.

[30 <./CIITA.pdf>]
<CIITA.pdf, id=413, page=4, 597.50829pt x 845.0471pt>
File: CIITA.pdf Graphic file (type pdf)
<use CIITA.pdf, page 4>
Package pdftex.def Info: CIITA.pdf , page4 used on input line 14.
(pdftex.def)             Requested size: 597.53416pt x 845.08372pt.
File: CIITA.pdf Graphic file (type pdf)
<use CIITA.pdf, page 4>
Package pdftex.def Info: CIITA.pdf , page4 used on input line 14.
(pdftex.def)             Requested size: 597.53416pt x 845.08372pt.
File: CIITA.pdf Graphic file (type pdf)
<use CIITA.pdf, page 4>
Package pdftex.def Info: CIITA.pdf , page4 used on input line 14.
(pdftex.def)             Requested size: 597.53416pt x 845.08372pt.
 [31 <./CIITA.pdf>]
<CIITA.pdf, id=418, page=5, 597.50829pt x 845.0471pt>
File: CIITA.pdf Graphic file (type pdf)
<use CIITA.pdf, page 5>
Package pdftex.def Info: CIITA.pdf , page5 used on input line 14.
(pdftex.def)             Requested size: 597.53416pt x 845.08372pt.
File: CIITA.pdf Graphic file (type pdf)
<use CIITA.pdf, page 5>
Package pdftex.def Info: CIITA.pdf , page5 used on input line 14.
(pdftex.def)             Requested size: 597.53416pt x 845.08372pt.
File: CIITA.pdf Graphic file (type pdf)
<use CIITA.pdf, page 5>
Package pdftex.def Info: CIITA.pdf , page5 used on input line 14.
(pdftex.def)             Requested size: 597.53416pt x 845.08372pt.
 [32 <./CIITA.pdf>]
<CIITA.pdf, id=423, page=6, 597.50829pt x 845.0471pt>
File: CIITA.pdf Graphic file (type pdf)
<use CIITA.pdf, page 6>
Package pdftex.def Info: CIITA.pdf , page6 used on input line 14.
(pdftex.def)             Requested size: 597.53416pt x 845.08372pt.
File: CIITA.pdf Graphic file (type pdf)
<use CIITA.pdf, page 6>
Package pdftex.def Info: CIITA.pdf , page6 used on input line 14.
(pdftex.def)             Requested size: 597.53416pt x 845.08372pt.
File: CIITA.pdf Graphic file (type pdf)
<use CIITA.pdf, page 6>
Package pdftex.def Info: CIITA.pdf , page6 used on input line 14.
(pdftex.def)             Requested size: 597.53416pt x 845.08372pt.
 [33 <./CIITA.pdf>]
<CIITA.pdf, id=428, page=7, 597.50829pt x 845.0471pt>
File: CIITA.pdf Graphic file (type pdf)
<use CIITA.pdf, page 7>
Package pdftex.def Info: CIITA.pdf , page7 used on input line 14.
(pdftex.def)             Requested size: 597.53416pt x 845.08372pt.
File: CIITA.pdf Graphic file (type pdf)
<use CIITA.pdf, page 7>
Package pdftex.def Info: CIITA.pdf , page7 used on input line 14.
(pdftex.def)             Requested size: 597.53416pt x 845.08372pt.
File: CIITA.pdf Graphic file (type pdf)
<use CIITA.pdf, page 7>
Package pdftex.def Info: CIITA.pdf , page7 used on input line 14.
(pdftex.def)             Requested size: 597.53416pt x 845.08372pt.

[34 <./CIITA.pdf>]
<CIITA.pdf, id=434, page=8, 597.50829pt x 845.0471pt>
File: CIITA.pdf Graphic file (type pdf)
<use CIITA.pdf, page 8>
Package pdftex.def Info: CIITA.pdf , page8 used on input line 14.
(pdftex.def)             Requested size: 597.53416pt x 845.08372pt.
File: CIITA.pdf Graphic file (type pdf)
<use CIITA.pdf, page 8>
Package pdftex.def Info: CIITA.pdf , page8 used on input line 14.
(pdftex.def)             Requested size: 597.53416pt x 845.08372pt.
File: CIITA.pdf Graphic file (type pdf)
<use CIITA.pdf, page 8>
Package pdftex.def Info: CIITA.pdf , page8 used on input line 14.
(pdftex.def)             Requested size: 597.53416pt x 845.08372pt.
 [35 <./CIITA.pdf>]
<CIITA.pdf, id=446, page=9, 597.50829pt x 845.0471pt>
File: CIITA.pdf Graphic file (type pdf)
<use CIITA.pdf, page 9>
Package pdftex.def Info: CIITA.pdf , page9 used on input line 14.
(pdftex.def)             Requested size: 597.53416pt x 845.08372pt.
File: CIITA.pdf Graphic file (type pdf)
<use CIITA.pdf, page 9>
Package pdftex.def Info: CIITA.pdf , page9 used on input line 14.
(pdftex.def)             Requested size: 597.53416pt x 845.08372pt.
File: CIITA.pdf Graphic file (type pdf)
<use CIITA.pdf, page 9>
Package pdftex.def Info: CIITA.pdf , page9 used on input line 14.
(pdftex.def)             Requested size: 597.53416pt x 845.08372pt.
 [36 <./CIITA.pdf>]
<CIITA.pdf, id=453, page=10, 597.50829pt x 845.0471pt>
File: CIITA.pdf Graphic file (type pdf)
<use CIITA.pdf, page 10>
Package pdftex.def Info: CIITA.pdf , page10 used on input line 14.
(pdftex.def)             Requested size: 597.53416pt x 845.08372pt.
File: CIITA.pdf Graphic file (type pdf)
<use CIITA.pdf, page 10>
Package pdftex.def Info: CIITA.pdf , page10 used on input line 14.
(pdftex.def)             Requested size: 597.53416pt x 845.08372pt.
File: CIITA.pdf Graphic file (type pdf)
<use CIITA.pdf, page 10>
Package pdftex.def Info: CIITA.pdf , page10 used on input line 14.
(pdftex.def)             Requested size: 597.53416pt x 845.08372pt.
 [37 <./CIITA.pdf>]
<CIITA.pdf, id=465, page=11, 597.50829pt x 845.0471pt>
File: CIITA.pdf Graphic file (type pdf)
<use CIITA.pdf, page 11>
Package pdftex.def Info: CIITA.pdf , page11 used on input line 14.
(pdftex.def)             Requested size: 597.53416pt x 845.08372pt.
File: CIITA.pdf Graphic file (type pdf)
<use CIITA.pdf, page 11>
Package pdftex.def Info: CIITA.pdf , page11 used on input line 14.
(pdftex.def)             Requested size: 597.53416pt x 845.08372pt.
File: CIITA.pdf Graphic file (type pdf)
<use CIITA.pdf, page 11>
Package pdftex.def Info: CIITA.pdf , page11 used on input line 14.
(pdftex.def)             Requested size: 597.53416pt x 845.08372pt.

[38 <./CIITA.pdf>]
<CIITA.pdf, id=470, page=12, 597.50829pt x 845.0471pt>
File: CIITA.pdf Graphic file (type pdf)
<use CIITA.pdf, page 12>
Package pdftex.def Info: CIITA.pdf , page12 used on input line 14.
(pdftex.def)             Requested size: 597.53416pt x 845.08372pt.
File: CIITA.pdf Graphic file (type pdf)
<use CIITA.pdf, page 12>
Package pdftex.def Info: CIITA.pdf , page12 used on input line 14.
(pdftex.def)             Requested size: 597.53416pt x 845.08372pt.
File: CIITA.pdf Graphic file (type pdf)
<use CIITA.pdf, page 12>
Package pdftex.def Info: CIITA.pdf , page12 used on input line 14.
(pdftex.def)             Requested size: 597.53416pt x 845.08372pt.
 [39 <./CIITA.pdf>]
<CIITA.pdf, id=475, page=13, 597.50829pt x 845.0471pt>
File: CIITA.pdf Graphic file (type pdf)
<use CIITA.pdf, page 13>
Package pdftex.def Info: CIITA.pdf , page13 used on input line 14.
(pdftex.def)             Requested size: 597.53416pt x 845.08372pt.
File: CIITA.pdf Graphic file (type pdf)
<use CIITA.pdf, page 13>
Package pdftex.def Info: CIITA.pdf , page13 used on input line 14.
(pdftex.def)             Requested size: 597.53416pt x 845.08372pt.
File: CIITA.pdf Graphic file (type pdf)
<use CIITA.pdf, page 13>
Package pdftex.def Info: CIITA.pdf , page13 used on input line 14.
(pdftex.def)             Requested size: 597.53416pt x 845.08372pt.
 [40 <./CIITA.pdf>]
<CIITA.pdf, id=481, page=14, 597.50829pt x 845.0471pt>
File: CIITA.pdf Graphic file (type pdf)
<use CIITA.pdf, page 14>
Package pdftex.def Info: CIITA.pdf , page14 used on input line 14.
(pdftex.def)             Requested size: 597.53416pt x 845.08372pt.
File: CIITA.pdf Graphic file (type pdf)
<use CIITA.pdf, page 14>
Package pdftex.def Info: CIITA.pdf , page14 used on input line 14.
(pdftex.def)             Requested size: 597.53416pt x 845.08372pt.
File: CIITA.pdf Graphic file (type pdf)
<use CIITA.pdf, page 14>
Package pdftex.def Info: CIITA.pdf , page14 used on input line 14.
(pdftex.def)             Requested size: 597.53416pt x 845.08372pt.
 [41 <./CIITA.pdf>]
<CIITA.pdf, id=490, page=15, 597.50829pt x 845.0471pt>
File: CIITA.pdf Graphic file (type pdf)
<use CIITA.pdf, page 15>
Package pdftex.def Info: CIITA.pdf , page15 used on input line 14.
(pdftex.def)             Requested size: 597.53416pt x 845.08372pt.
File: CIITA.pdf Graphic file (type pdf)
<use CIITA.pdf, page 15>
Package pdftex.def Info: CIITA.pdf , page15 used on input line 14.
(pdftex.def)             Requested size: 597.53416pt x 845.08372pt.
File: CIITA.pdf Graphic file (type pdf)
<use CIITA.pdf, page 15>
Package pdftex.def Info: CIITA.pdf , page15 used on input line 14.
(pdftex.def)             Requested size: 597.53416pt x 845.08372pt.

[42 <./CIITA.pdf>]
<CIITA.pdf, id=503, page=16, 597.50829pt x 845.0471pt>
File: CIITA.pdf Graphic file (type pdf)
<use CIITA.pdf, page 16>
Package pdftex.def Info: CIITA.pdf , page16 used on input line 14.
(pdftex.def)             Requested size: 597.53416pt x 845.08372pt.
File: CIITA.pdf Graphic file (type pdf)
<use CIITA.pdf, page 16>
Package pdftex.def Info: CIITA.pdf , page16 used on input line 14.
(pdftex.def)             Requested size: 597.53416pt x 845.08372pt.
File: CIITA.pdf Graphic file (type pdf)
<use CIITA.pdf, page 16>
Package pdftex.def Info: CIITA.pdf , page16 used on input line 14.
(pdftex.def)             Requested size: 597.53416pt x 845.08372pt.
 [43 <./CIITA.pdf>]
<CIITA.pdf, id=509, page=17, 597.50829pt x 845.0471pt>
File: CIITA.pdf Graphic file (type pdf)
<use CIITA.pdf, page 17>
Package pdftex.def Info: CIITA.pdf , page17 used on input line 14.
(pdftex.def)             Requested size: 597.53416pt x 845.08372pt.
File: CIITA.pdf Graphic file (type pdf)
<use CIITA.pdf, page 17>
Package pdftex.def Info: CIITA.pdf , page17 used on input line 14.
(pdftex.def)             Requested size: 597.53416pt x 845.08372pt.
File: CIITA.pdf Graphic file (type pdf)
<use CIITA.pdf, page 17>
Package pdftex.def Info: CIITA.pdf , page17 used on input line 14.
(pdftex.def)             Requested size: 597.53416pt x 845.08372pt.
 [44 <./CIITA.pdf>]
<CIITA.pdf, id=514, page=18, 597.50829pt x 845.0471pt>
File: CIITA.pdf Graphic file (type pdf)
<use CIITA.pdf, page 18>
Package pdftex.def Info: CIITA.pdf , page18 used on input line 14.
(pdftex.def)             Requested size: 597.53416pt x 845.08372pt.
File: CIITA.pdf Graphic file (type pdf)
<use CIITA.pdf, page 18>
Package pdftex.def Info: CIITA.pdf , page18 used on input line 14.
(pdftex.def)             Requested size: 597.53416pt x 845.08372pt.
File: CIITA.pdf Graphic file (type pdf)
<use CIITA.pdf, page 18>
Package pdftex.def Info: CIITA.pdf , page18 used on input line 14.
(pdftex.def)             Requested size: 597.53416pt x 845.08372pt.
 [45 <./CIITA.pdf>]
<CIITA.pdf, id=519, page=19, 597.50829pt x 845.0471pt>
File: CIITA.pdf Graphic file (type pdf)
<use CIITA.pdf, page 19>
Package pdftex.def Info: CIITA.pdf , page19 used on input line 14.
(pdftex.def)             Requested size: 597.53416pt x 845.08372pt.
File: CIITA.pdf Graphic file (type pdf)
<use CIITA.pdf, page 19>
Package pdftex.def Info: CIITA.pdf , page19 used on input line 14.
(pdftex.def)             Requested size: 597.53416pt x 845.08372pt.
File: CIITA.pdf Graphic file (type pdf)
<use CIITA.pdf, page 19>
Package pdftex.def Info: CIITA.pdf , page19 used on input line 14.
(pdftex.def)             Requested size: 597.53416pt x 845.08372pt.

[46 <./CIITA.pdf>]
<CIITA.pdf, id=524, page=20, 597.50829pt x 845.0471pt>
File: CIITA.pdf Graphic file (type pdf)
<use CIITA.pdf, page 20>
Package pdftex.def Info: CIITA.pdf , page20 used on input line 14.
(pdftex.def)             Requested size: 597.53416pt x 845.08372pt.
File: CIITA.pdf Graphic file (type pdf)
<use CIITA.pdf, page 20>
Package pdftex.def Info: CIITA.pdf , page20 used on input line 14.
(pdftex.def)             Requested size: 597.53416pt x 845.08372pt.
File: CIITA.pdf Graphic file (type pdf)
<use CIITA.pdf, page 20>
Package pdftex.def Info: CIITA.pdf , page20 used on input line 14.
(pdftex.def)             Requested size: 597.53416pt x 845.08372pt.
 [47 <./CIITA.pdf>]
<CIITA.pdf, id=530, page=21, 597.50829pt x 845.0471pt>
File: CIITA.pdf Graphic file (type pdf)
<use CIITA.pdf, page 21>
Package pdftex.def Info: CIITA.pdf , page21 used on input line 14.
(pdftex.def)             Requested size: 597.53416pt x 845.08372pt.
File: CIITA.pdf Graphic file (type pdf)
<use CIITA.pdf, page 21>
Package pdftex.def Info: CIITA.pdf , page21 used on input line 14.
(pdftex.def)             Requested size: 597.53416pt x 845.08372pt.
File: CIITA.pdf Graphic file (type pdf)
<use CIITA.pdf, page 21>
Package pdftex.def Info: CIITA.pdf , page21 used on input line 14.
(pdftex.def)             Requested size: 597.53416pt x 845.08372pt.
 [48 <./CIITA.pdf>]
<CIITA.pdf, id=537, page=22, 597.50829pt x 845.0471pt>
File: CIITA.pdf Graphic file (type pdf)
<use CIITA.pdf, page 22>
Package pdftex.def Info: CIITA.pdf , page22 used on input line 14.
(pdftex.def)             Requested size: 597.53416pt x 845.08372pt.
File: CIITA.pdf Graphic file (type pdf)
<use CIITA.pdf, page 22>
Package pdftex.def Info: CIITA.pdf , page22 used on input line 14.
(pdftex.def)             Requested size: 597.53416pt x 845.08372pt.
File: CIITA.pdf Graphic file (type pdf)
<use CIITA.pdf, page 22>
Package pdftex.def Info: CIITA.pdf , page22 used on input line 14.
(pdftex.def)             Requested size: 597.53416pt x 845.08372pt.
 [49 <./CIITA.pdf>]
<CIITA.pdf, id=543, page=23, 597.50829pt x 845.0471pt>
File: CIITA.pdf Graphic file (type pdf)
<use CIITA.pdf, page 23>
Package pdftex.def Info: CIITA.pdf , page23 used on input line 14.
(pdftex.def)             Requested size: 597.53416pt x 845.08372pt.
File: CIITA.pdf Graphic file (type pdf)
<use CIITA.pdf, page 23>
Package pdftex.def Info: CIITA.pdf , page23 used on input line 14.
(pdftex.def)             Requested size: 597.53416pt x 845.08372pt.
File: CIITA.pdf Graphic file (type pdf)
<use CIITA.pdf, page 23>
Package pdftex.def Info: CIITA.pdf , page23 used on input line 14.
(pdftex.def)             Requested size: 597.53416pt x 845.08372pt.

[50 <./CIITA.pdf>]
<CIITA.pdf, id=549, page=24, 597.50829pt x 845.0471pt>
File: CIITA.pdf Graphic file (type pdf)
<use CIITA.pdf, page 24>
Package pdftex.def Info: CIITA.pdf , page24 used on input line 14.
(pdftex.def)             Requested size: 597.53416pt x 845.08372pt.
File: CIITA.pdf Graphic file (type pdf)
<use CIITA.pdf, page 24>
Package pdftex.def Info: CIITA.pdf , page24 used on input line 14.
(pdftex.def)             Requested size: 597.53416pt x 845.08372pt.
File: CIITA.pdf Graphic file (type pdf)
<use CIITA.pdf, page 24>
Package pdftex.def Info: CIITA.pdf , page24 used on input line 14.
(pdftex.def)             Requested size: 597.53416pt x 845.08372pt.
 [51 <./CIITA.pdf>]
<CIITA.pdf, id=554, page=25, 597.50829pt x 845.0471pt>
File: CIITA.pdf Graphic file (type pdf)
<use CIITA.pdf, page 25>
Package pdftex.def Info: CIITA.pdf , page25 used on input line 14.
(pdftex.def)             Requested size: 597.53416pt x 845.08372pt.
File: CIITA.pdf Graphic file (type pdf)
<use CIITA.pdf, page 25>
Package pdftex.def Info: CIITA.pdf , page25 used on input line 14.
(pdftex.def)             Requested size: 597.53416pt x 845.08372pt.
File: CIITA.pdf Graphic file (type pdf)
<use CIITA.pdf, page 25>
Package pdftex.def Info: CIITA.pdf , page25 used on input line 14.
(pdftex.def)             Requested size: 597.53416pt x 845.08372pt.
 [52 <./CIITA.pdf>]
<CIITA.pdf, id=565, page=26, 597.50829pt x 845.0471pt>
File: CIITA.pdf Graphic file (type pdf)
<use CIITA.pdf, page 26>
Package pdftex.def Info: CIITA.pdf , page26 used on input line 14.
(pdftex.def)             Requested size: 597.53416pt x 845.08372pt.
File: CIITA.pdf Graphic file (type pdf)
<use CIITA.pdf, page 26>
Package pdftex.def Info: CIITA.pdf , page26 used on input line 14.
(pdftex.def)             Requested size: 597.53416pt x 845.08372pt.
File: CIITA.pdf Graphic file (type pdf)
<use CIITA.pdf, page 26>
Package pdftex.def Info: CIITA.pdf , page26 used on input line 14.
(pdftex.def)             Requested size: 597.53416pt x 845.08372pt.
 [53 <./CIITA.pdf>]
<CIITA.pdf, id=570, page=27, 597.50829pt x 845.0471pt>
File: CIITA.pdf Graphic file (type pdf)
<use CIITA.pdf, page 27>
Package pdftex.def Info: CIITA.pdf , page27 used on input line 14.
(pdftex.def)             Requested size: 597.53416pt x 845.08372pt.
File: CIITA.pdf Graphic file (type pdf)
<use CIITA.pdf, page 27>
Package pdftex.def Info: CIITA.pdf , page27 used on input line 14.
(pdftex.def)             Requested size: 597.53416pt x 845.08372pt.
File: CIITA.pdf Graphic file (type pdf)
<use CIITA.pdf, page 27>
Package pdftex.def Info: CIITA.pdf , page27 used on input line 14.
(pdftex.def)             Requested size: 597.53416pt x 845.08372pt.

[54 <./CIITA.pdf>]
<CIITA.pdf, id=576, page=28, 597.50829pt x 845.0471pt>
File: CIITA.pdf Graphic file (type pdf)
<use CIITA.pdf, page 28>
Package pdftex.def Info: CIITA.pdf , page28 used on input line 14.
(pdftex.def)             Requested size: 597.53416pt x 845.08372pt.
File: CIITA.pdf Graphic file (type pdf)
<use CIITA.pdf, page 28>
Package pdftex.def Info: CIITA.pdf , page28 used on input line 14.
(pdftex.def)             Requested size: 597.53416pt x 845.08372pt.
File: CIITA.pdf Graphic file (type pdf)
<use CIITA.pdf, page 28>
Package pdftex.def Info: CIITA.pdf , page28 used on input line 14.
(pdftex.def)             Requested size: 597.53416pt x 845.08372pt.
 [55 <./CIITA.pdf>]
<CIITA.pdf, id=582, page=29, 597.50829pt x 845.0471pt>
File: CIITA.pdf Graphic file (type pdf)
<use CIITA.pdf, page 29>
Package pdftex.def Info: CIITA.pdf , page29 used on input line 14.
(pdftex.def)             Requested size: 597.53416pt x 845.08372pt.
File: CIITA.pdf Graphic file (type pdf)
<use CIITA.pdf, page 29>
Package pdftex.def Info: CIITA.pdf , page29 used on input line 14.
(pdftex.def)             Requested size: 597.53416pt x 845.08372pt.
File: CIITA.pdf Graphic file (type pdf)
<use CIITA.pdf, page 29>
Package pdftex.def Info: CIITA.pdf , page29 used on input line 14.
(pdftex.def)             Requested size: 597.53416pt x 845.08372pt.
 [56 <./CIITA.pdf>]
<CIITA.pdf, id=593, page=30, 597.50829pt x 845.0471pt>
File: CIITA.pdf Graphic file (type pdf)
<use CIITA.pdf, page 30>
Package pdftex.def Info: CIITA.pdf , page30 used on input line 14.
(pdftex.def)             Requested size: 597.53416pt x 845.08372pt.
File: CIITA.pdf Graphic file (type pdf)
<use CIITA.pdf, page 30>
Package pdftex.def Info: CIITA.pdf , page30 used on input line 14.
(pdftex.def)             Requested size: 597.53416pt x 845.08372pt.
File: CIITA.pdf Graphic file (type pdf)
<use CIITA.pdf, page 30>
Package pdftex.def Info: CIITA.pdf , page30 used on input line 14.
(pdftex.def)             Requested size: 597.53416pt x 845.08372pt.
 [57 <./CIITA.pdf>]
<CIITA.pdf, id=598, page=31, 597.50829pt x 845.0471pt>
File: CIITA.pdf Graphic file (type pdf)
<use CIITA.pdf, page 31>
Package pdftex.def Info: CIITA.pdf , page31 used on input line 14.
(pdftex.def)             Requested size: 597.53416pt x 845.08372pt.
File: CIITA.pdf Graphic file (type pdf)
<use CIITA.pdf, page 31>
Package pdftex.def Info: CIITA.pdf , page31 used on input line 14.
(pdftex.def)             Requested size: 597.53416pt x 845.08372pt.
File: CIITA.pdf Graphic file (type pdf)
<use CIITA.pdf, page 31>
Package pdftex.def Info: CIITA.pdf , page31 used on input line 14.
(pdftex.def)             Requested size: 597.53416pt x 845.08372pt.

[58 <./CIITA.pdf>]
<CIITA.pdf, id=603, page=32, 597.50829pt x 845.0471pt>
File: CIITA.pdf Graphic file (type pdf)
<use CIITA.pdf, page 32>
Package pdftex.def Info: CIITA.pdf , page32 used on input line 14.
(pdftex.def)             Requested size: 597.53416pt x 845.08372pt.
File: CIITA.pdf Graphic file (type pdf)
<use CIITA.pdf, page 32>
Package pdftex.def Info: CIITA.pdf , page32 used on input line 14.
(pdftex.def)             Requested size: 597.53416pt x 845.08372pt.
File: CIITA.pdf Graphic file (type pdf)
<use CIITA.pdf, page 32>
Package pdftex.def Info: CIITA.pdf , page32 used on input line 14.
(pdftex.def)             Requested size: 597.53416pt x 845.08372pt.
 [59 <./CIITA.pdf>]
<CIITA.pdf, id=608, page=33, 597.50829pt x 845.0471pt>
File: CIITA.pdf Graphic file (type pdf)
<use CIITA.pdf, page 33>
Package pdftex.def Info: CIITA.pdf , page33 used on input line 14.
(pdftex.def)             Requested size: 597.53416pt x 845.08372pt.
File: CIITA.pdf Graphic file (type pdf)
<use CIITA.pdf, page 33>
Package pdftex.def Info: CIITA.pdf , page33 used on input line 14.
(pdftex.def)             Requested size: 597.53416pt x 845.08372pt.
File: CIITA.pdf Graphic file (type pdf)
<use CIITA.pdf, page 33>
Package pdftex.def Info: CIITA.pdf , page33 used on input line 14.
(pdftex.def)             Requested size: 597.53416pt x 845.08372pt.
 [60 <./CIITA.pdf>]
<CIITA.pdf, id=614, page=34, 597.50829pt x 845.0471pt>
File: CIITA.pdf Graphic file (type pdf)
<use CIITA.pdf, page 34>
Package pdftex.def Info: CIITA.pdf , page34 used on input line 14.
(pdftex.def)             Requested size: 597.53416pt x 845.08372pt.
File: CIITA.pdf Graphic file (type pdf)
<use CIITA.pdf, page 34>
Package pdftex.def Info: CIITA.pdf , page34 used on input line 14.
(pdftex.def)             Requested size: 597.53416pt x 845.08372pt.
File: CIITA.pdf Graphic file (type pdf)
<use CIITA.pdf, page 34>
Package pdftex.def Info: CIITA.pdf , page34 used on input line 14.
(pdftex.def)             Requested size: 597.53416pt x 845.08372pt.
 [61 <./CIITA.pdf>]
<CIITA.pdf, id=619, page=35, 597.50829pt x 845.0471pt>
File: CIITA.pdf Graphic file (type pdf)
<use CIITA.pdf, page 35>
Package pdftex.def Info: CIITA.pdf , page35 used on input line 14.
(pdftex.def)             Requested size: 597.53416pt x 845.08372pt.
File: CIITA.pdf Graphic file (type pdf)
<use CIITA.pdf, page 35>
Package pdftex.def Info: CIITA.pdf , page35 used on input line 14.
(pdftex.def)             Requested size: 597.53416pt x 845.08372pt.
File: CIITA.pdf Graphic file (type pdf)
<use CIITA.pdf, page 35>
Package pdftex.def Info: CIITA.pdf , page35 used on input line 14.
(pdftex.def)             Requested size: 597.53416pt x 845.08372pt.

[62 <./CIITA.pdf>]
<CIITA.pdf, id=625, page=36, 597.50829pt x 845.0471pt>
File: CIITA.pdf Graphic file (type pdf)
<use CIITA.pdf, page 36>
Package pdftex.def Info: CIITA.pdf , page36 used on input line 14.
(pdftex.def)             Requested size: 597.53416pt x 845.08372pt.
File: CIITA.pdf Graphic file (type pdf)
<use CIITA.pdf, page 36>
Package pdftex.def Info: CIITA.pdf , page36 used on input line 14.
(pdftex.def)             Requested size: 597.53416pt x 845.08372pt.
File: CIITA.pdf Graphic file (type pdf)
<use CIITA.pdf, page 36>
Package pdftex.def Info: CIITA.pdf , page36 used on input line 14.
(pdftex.def)             Requested size: 597.53416pt x 845.08372pt.
 [63 <./CIITA.pdf>]
<CIITA.pdf, id=630, page=37, 597.50829pt x 845.0471pt>
File: CIITA.pdf Graphic file (type pdf)
<use CIITA.pdf, page 37>
Package pdftex.def Info: CIITA.pdf , page37 used on input line 14.
(pdftex.def)             Requested size: 597.53416pt x 845.08372pt.
File: CIITA.pdf Graphic file (type pdf)
<use CIITA.pdf, page 37>
Package pdftex.def Info: CIITA.pdf , page37 used on input line 14.
(pdftex.def)             Requested size: 597.53416pt x 845.08372pt.
File: CIITA.pdf Graphic file (type pdf)
<use CIITA.pdf, page 37>
Package pdftex.def Info: CIITA.pdf , page37 used on input line 14.
(pdftex.def)             Requested size: 597.53416pt x 845.08372pt.
 [64 <./CIITA.pdf>]) (./main.bbl
LaTeX Font Info:    Trying to load font information for T1+cmtt on input line 2
5.

(/usr/share/texlive/texmf-dist/tex/latex/base/t1cmtt.fd
File: t1cmtt.fd 2022/07/10 v2.5l Standard LaTeX font definitions
)
Package microtype Info: Loading generic protrusion settings for font family
(microtype)             `cmtt' (encoding: T1).
(microtype)             For optimal results, create family-specific settings.
(microtype)             See the microtype manual for details.

Underfull \hbox (badness 3407) in paragraph at lines 42--52
[]\T1/ptm/m/it/12 (+20) Inauguran el cen-tro de in-no-va-ción e in-te-gra-ción 
de tec-no-lo-gías avan-za-das del
 []


Underfull \hbox (badness 5847) in paragraph at lines 42--52
\T1/ptm/m/it/12 (+20) ipn en ciu-dad juá-rez.  \T1/ptm/m/n/12 (+20) (2024).  In
s-ti-tu-to Po-li-téc-ni-co Na-cio-nal (IPN).
 []


Underfull \hbox (badness 1082) in paragraph at lines 64--76
[]\T1/ptm/m/n/12 (+20) Instituto Po-li-téc-ni-co Na-cio-nal.  (2023).  \T1/ptm/
m/it/12 (+20) Or-ga-ni-za-ción y es-truc-tu-ra.  \T1/ptm/m/n/12 (+20) Des-car-g
a-do
 []


Underfull \hbox (badness 10000) in paragraph at lines 116--132
\T1/cmtt/m/n/12 uploads / attachment / file / 913713 / 0008596 [] -Tema [] []7 
[] []Subtema [] []1 [] -ISO [] -17025 []
 []

) [65


{/usr/share/texlive/texmf-dist/fonts/enc/dvips/cm-super/cm-super-t1.enc}]
(./main.aux (./titlepage/titlepage.aux)
LaTeX Info: Redefining \. on input line 25.
LaTeX Info: Redefining \% on input line 25.
 (./Body/oficio_de_autoricacion.aux)
(./Body/agradecimientos.aux) (./Body/Resumen.aux) (./Body/Intro/Intro.aux)
(./Body/Intro/Antecedentes.aux) (./Body/Intro/Definicion_del_problema.aux)
(./Body/Intro/Justificacion.aux) (./Body/Intro/Objetivos_y_metas.aux)
(./Body/marco.aux) (./Body/Desarrollo.aux)
(./Body/resultados_y_recomendaciones.aux) (./Anexos.aux))
Package rerunfilecheck Info: File `main.out' has not changed.
(rerunfilecheck)             Checksum: 386D42CE9FAD4AADAF8FD8CD74F9F221;5673.
 ) 
Here is how much of TeX's memory you used:
 18312 strings out of 476041
 301312 string characters out of 5793174
 1864388 words of memory out of 6000000
 37942 multiletter control sequences out of 15000+600000
 578662 words of font info for 286 fonts, out of 8000000 for 9000
 1137 hyphenation exceptions out of 8191
 75i,17n,77p,1133b,669s stack positions out of 10000i,1000n,20000p,200000b,200000s
</usr/share/texlive/texmf-dist/fonts/type1/public/amsfonts/cm/cmr12.pfb></usr
/share/texlive/texmf-dist/fonts/type1/public/amsfonts/cm/cmsy10.pfb></usr/share
/texlive/texmf-dist/fonts/type1/public/cm-super/sfbx1095.pfb></usr/share/texliv
e/texmf-dist/fonts/type1/public/cm-super/sfbx1200.pfb></usr/share/texlive/texmf
-dist/fonts/type1/public/cm-super/sfbx1440.pfb></usr/share/texlive/texmf-dist/f
onts/type1/public/cm-super/sfbx1728.pfb></usr/share/texlive/texmf-dist/fonts/ty
pe1/public/cm-super/sfrm1000.pfb></usr/share/texlive/texmf-dist/fonts/type1/pub
lic/cm-super/sfrm1095.pfb></usr/share/texlive/texmf-dist/fonts/type1/public/cm-
super/sfrm1200.pfb></usr/share/texlive/texmf-dist/fonts/type1/public/cm-super/s
frm1440.pfb></usr/share/texlive/texmf-dist/fonts/type1/public/cm-super/sfti1095
.pfb></usr/share/texlive/texmf-dist/fonts/type1/public/cm-super/sfti1200.pfb></
usr/share/texlive/texmf-dist/fonts/type1/public/cm-super/sftt1095.pfb></usr/sha
re/texlive/texmf-dist/fonts/type1/public/cm-super/sftt1200.pfb></usr/share/texl
ive/texmf-dist/fonts/type1/urw/times/utmb8a.pfb></usr/share/texlive/texmf-dist/
fonts/type1/urw/times/utmr8a.pfb></usr/share/texlive/texmf-dist/fonts/type1/urw
/times/utmri8a.pfb>
Output written on main.pdf (66 pages, 2629416 bytes).
PDF statistics:
 713 PDF objects out of 1000 (max. 8388607)
 544 compressed objects within 6 object streams
 107 named destinations out of 1000 (max. 500000)
 77278 words of extra memory for PDF output out of 89155 (max. 10000000)

